/Users/shraj/Documents/Project Shortcuts/surf brother/assets/blender/journey/create_journey.py:19: DeprecationWarning: 'Material.use_nodes' is expected to be removed in Blender 6.0
  m=bpy.data.materials.new(name);m.diffuse_color=(*c,1);m.use_nodes=True
00:04.091  render           | Saved: '/Users/shraj/Documents/Project Shortcuts/surf brother/assets/blender/journey/frames/001.png'
00:07.107  render           | Saved: '/Users/shraj/Documents/Project Shortcuts/surf brother/assets/blender/journey/frames/002.png'
00:10.092  render           | Saved: '/Users/shraj/Documents/Project Shortcuts/surf brother/assets/blender/journey/frames/003.png'
00:13.198  render           | Saved: '/Users/shraj/Documents/Project Shortcuts/surf brother/assets/blender/journey/frames/004.png'
00:16.536  render           | Saved: '/Users/shraj/Documents/Project Shortcuts/surf brother/assets/blender/journey/frames/005.png'
00:20.810  render           | Saved: '/Users/shraj/Documents/Project Shortcuts/surf brother/assets/blender/journey/frames/006.png'
00:24.013  render           | Saved: '/Users/shraj/Documents/Project Shortcuts/surf brother/assets/blender/journey/frames/007.png'
00:27.255  render           | Saved: '/Users/shraj/Documents/Project Shortcuts/surf brother/assets/blender/journey/frames/008.png'
00:30.426  render           | Saved: '/Users/shraj/Documents/Project Shortcuts/surf brother/assets/blender/journey/frames/009.png'
00:33.702  render           | Saved: '/Users/shraj/Documents/Project Shortcuts/surf brother/assets/blender/journey/frames/010.png'
00:37.049  render           | Saved: '/Users/shraj/Documents/Project Shortcuts/surf brother/assets/blender/journey/frames/011.png'
00:40.269  render           | Saved: '/Users/shraj/Documents/Project Shortcuts/surf brother/assets/blender/journey/frames/012.png'
00:43.417  render           | Saved: '/Users/shraj/Documents/Project Shortcuts/surf brother/assets/blender/journey/frames/013.png'
00:46.852  render           | Saved: '/Users/shraj/Documents/Project Shortcuts/surf brother/assets/blender/journey/frames/014.png'
00:50.281  render           | Saved: '/Users/shraj/Documents/Project Shortcuts/surf brother/assets/blender/journey/frames/015.png'
00:53.495  render           | Saved: '/Users/shraj/Documents/Project Shortcuts/surf brother/assets/blender/journey/frames/016.png'
00:56.689  render           | Saved: '/Users/shraj/Documents/Project Shortcuts/surf brother/assets/blender/journey/frames/017.png'
01:01.285  render           | Saved: '/Users/shraj/Documents/Project Shortcuts/surf brother/assets/blender/journey/frames/018.png'
01:04.462  render           | Saved: '/Users/shraj/Documents/Project Shortcuts/surf brother/assets/blender/journey/frames/019.png'
01:07.785  render           | Saved: '/Users/shraj/Documents/Project Shortcuts/surf brother/assets/blender/journey/frames/020.png'
01:11.270  render           | Saved: '/Users/shraj/Documents/Project Shortcuts/surf brother/assets/blender/journey/frames/021.png'
01:14.409  render           | Saved: '/Users/shraj/Documents/Project Shortcuts/surf brother/assets/blender/journey/frames/022.png'
01:17.577  render           | Saved: '/Users/shraj/Documents/Project Shortcuts/surf brother/assets/blender/journey/frames/023.png'
01:20.818  render           | Saved: '/Users/shraj/Documents/Project Shortcuts/surf brother/assets/blender/journey/frames/024.png'
01:24.213  render           | Saved: '/Users/shraj/Documents/Project Shortcuts/surf brother/assets/blender/journey/frames/025.png'
01:27.588  render           | Saved: '/Users/shraj/Documents/Project Shortcuts/surf brother/assets/blender/journey/frames/026.png'
01:31.293  render           | Saved: '/Users/shraj/Documents/Project Shortcuts/surf brother/assets/blender/journey/frames/027.png'
01:34.233  render           | Saved: '/Users/shraj/Documents/Project Shortcuts/surf brother/assets/blender/journey/frames/028.png'
01:37.154  render           | Saved: '/Users/shraj/Documents/Project Shortcuts/surf brother/assets/blender/journey/frames/029.png'
01:40.124  render           | Saved: '/Users/shraj/Documents/Project Shortcuts/surf brother/assets/blender/journey/frames/030.png'
01:43.199  render           | Saved: '/Users/shraj/Documents/Project Shortcuts/surf brother/assets/blender/journey/frames/031.png'
01:46.127  render           | Saved: '/Users/shraj/Documents/Project Shortcuts/surf brother/assets/blender/journey/frames/032.png'
01:49.075  render           | Saved: '/Users/shraj/Documents/Project Shortcuts/surf brother/assets/blender/journey/frames/033.png'
01:52.025  render           | Saved: '/Users/shraj/Documents/Project Shortcuts/surf brother/assets/blender/journey/frames/034.png'
01:54.950  render           | Saved: '/Users/shraj/Documents/Project Shortcuts/surf brother/assets/blender/journey/frames/035.png'
01:59.901  render           | Saved: '/Users/shraj/Documents/Project Shortcuts/surf brother/assets/blender/journey/frames/036.png'
02:05.230  render           | Saved: '/Users/shraj/Documents/Project Shortcuts/surf brother/assets/blender/journey/frames/037.png'
02:08.985  render           | Saved: '/Users/shraj/Documents/Project Shortcuts/surf brother/assets/blender/journey/frames/038.png'
02:12.783  render           | Saved: '/Users/shraj/Documents/Project Shortcuts/surf brother/assets/blender/journey/frames/039.png'
02:15.682  render           | Saved: '/Users/shraj/Documents/Project Shortcuts/surf brother/assets/blender/journey/frames/040.png'
02:18.554  render           | Saved: '/Users/shraj/Documents/Project Shortcuts/surf brother/assets/blender/journey/frames/041.png'
02:21.864  render           | Saved: '/Users/shraj/Documents/Project Shortcuts/surf brother/assets/blender/journey/frames/042.png'
02:24.477  render           | Saved: '/Users/shraj/Documents/Project Shortcuts/surf brother/assets/blender/journey/frames/043.png'
02:26.965  render           | Saved: '/Users/shraj/Documents/Project Shortcuts/surf brother/assets/blender/journey/frames/044.png'
02:29.537  render           | Saved: '/Users/shraj/Documents/Project Shortcuts/surf brother/assets/blender/journey/frames/045.png'
02:32.170  render           | Saved: '/Users/shraj/Documents/Project Shortcuts/surf brother/assets/blender/journey/frames/046.png'
02:34.771  render           | Saved: '/Users/shraj/Documents/Project Shortcuts/surf brother/assets/blender/journey/frames/047.png'
02:37.257  render           | Saved: '/Users/shraj/Documents/Project Shortcuts/surf brother/assets/blender/journey/frames/048.png'
02:39.715  render           | Saved: '/Users/shraj/Documents/Project Shortcuts/surf brother/assets/blender/journey/frames/049.png'
02:42.183  render           | Saved: '/Users/shraj/Documents/Project Shortcuts/surf brother/assets/blender/journey/frames/050.png'
02:44.686  render           | Saved: '/Users/shraj/Documents/Project Shortcuts/surf brother/assets/blender/journey/frames/051.png'
02:47.140  render           | Saved: '/Users/shraj/Documents/Project Shortcuts/surf brother/assets/blender/journey/frames/052.png'
02:49.567  render           | Saved: '/Users/shraj/Documents/Project Shortcuts/surf brother/assets/blender/journey/frames/053.png'
02:52.009  render           | Saved: '/Users/shraj/Documents/Project Shortcuts/surf brother/assets/blender/journey/frames/054.png'
02:54.519  render           | Saved: '/Users/shraj/Documents/Project Shortcuts/surf brother/assets/blender/journey/frames/055.png'
02:57.364  render           | Saved: '/Users/shraj/Documents/Project Shortcuts/surf brother/assets/blender/journey/frames/056.png'
03:00.134  render           | Saved: '/Users/shraj/Documents/Project Shortcuts/surf brother/assets/blender/journey/frames/057.png'
03:02.577  render           | Saved: '/Users/shraj/Documents/Project Shortcuts/surf brother/assets/blender/journey/frames/058.png'
03:05.049  render           | Saved: '/Users/shraj/Documents/Project Shortcuts/surf brother/assets/blender/journey/frames/059.png'
03:07.465  render           | Saved: '/Users/shraj/Documents/Project Shortcuts/surf brother/assets/blender/journey/frames/060.png'
03:09.901  render           | Saved: '/Users/shraj/Documents/Project Shortcuts/surf brother/assets/blender/journey/frames/061.png'
03:12.353  render           | Saved: '/Users/shraj/Documents/Project Shortcuts/surf brother/assets/blender/journey/frames/062.png'
03:14.836  render           | Saved: '/Users/shraj/Documents/Project Shortcuts/surf brother/assets/blender/journey/frames/063.png'
03:17.269  render           | Saved: '/Users/shraj/Documents/Project Shortcuts/surf brother/assets/blender/journey/frames/064.png'
03:19.721  render           | Saved: '/Users/shraj/Documents/Project Shortcuts/surf brother/assets/blender/journey/frames/065.png'
03:22.143  render           | Saved: '/Users/shraj/Documents/Project Shortcuts/surf brother/assets/blender/journey/frames/066.png'
03:24.624  render           | Saved: '/Users/shraj/Documents/Project Shortcuts/surf brother/assets/blender/journey/frames/067.png'
03:27.051  render           | Saved: '/Users/shraj/Documents/Project Shortcuts/surf brother/assets/blender/journey/frames/068.png'
03:29.480  render           | Saved: '/Users/shraj/Documents/Project Shortcuts/surf brother/assets/blender/journey/frames/069.png'
03:31.921  render           | Saved: '/Users/shraj/Documents/Project Shortcuts/surf brother/assets/blender/journey/frames/070.png'
03:34.398  render           | Saved: '/Users/shraj/Documents/Project Shortcuts/surf brother/assets/blender/journey/frames/071.png'
03:36.808  render           | Saved: '/Users/shraj/Documents/Project Shortcuts/surf brother/assets/blender/journey/frames/072.png'
03:39.238  render           | Saved: '/Users/shraj/Documents/Project Shortcuts/surf brother/assets/blender/journey/frames/073.png'
03:41.706  render           | Saved: '/Users/shraj/Documents/Project Shortcuts/surf brother/assets/blender/journey/frames/074.png'
03:44.213  render           | Saved: '/Users/shraj/Documents/Project Shortcuts/surf brother/assets/blender/journey/frames/075.png'
03:46.614  render           | Saved: '/Users/shraj/Documents/Project Shortcuts/surf brother/assets/blender/journey/frames/076.png'
03:49.002  render           | Saved: '/Users/shraj/Documents/Project Shortcuts/surf brother/assets/blender/journey/frames/077.png'
03:51.414  render           | Saved: '/Users/shraj/Documents/Project Shortcuts/surf brother/assets/blender/journey/frames/078.png'
03:53.850  render           | Saved: '/Users/shraj/Documents/Project Shortcuts/surf brother/assets/blender/journey/frames/079.png'
03:56.257  render           | Saved: '/Users/shraj/Documents/Project Shortcuts/surf brother/assets/blender/journey/frames/080.png'
03:59.022  render           | Saved: '/Users/shraj/Documents/Project Shortcuts/surf brother/assets/blender/journey/frames/081.png'
04:01.413  render           | Saved: '/Users/shraj/Documents/Project Shortcuts/surf brother/assets/blender/journey/frames/082.png'
04:03.803  render           | Saved: '/Users/shraj/Documents/Project Shortcuts/surf brother/assets/blender/journey/frames/083.png'
04:06.175  render           | Saved: '/Users/shraj/Documents/Project Shortcuts/surf brother/assets/blender/journey/frames/084.png'
04:08.546  render           | Saved: '/Users/shraj/Documents/Project Shortcuts/surf brother/assets/blender/journey/frames/085.png'
04:10.921  render           | Saved: '/Users/shraj/Documents/Project Shortcuts/surf brother/assets/blender/journey/frames/086.png'
04:13.300  render           | Saved: '/Users/shraj/Documents/Project Shortcuts/surf brother/assets/blender/journey/frames/087.png'
04:15.652  render           | Saved: '/Users/shraj/Documents/Project Shortcuts/surf brother/assets/blender/journey/frames/088.png'
04:18.014  render           | Saved: '/Users/shraj/Documents/Project Shortcuts/surf brother/assets/blender/journey/frames/089.png'
04:20.390  render           | Saved: '/Users/shraj/Documents/Project Shortcuts/surf brother/assets/blender/journey/frames/090.png'
04:22.756  render           | Saved: '/Users/shraj/Documents/Project Shortcuts/surf brother/assets/blender/journey/frames/091.png'
04:25.129  render           | Saved: '/Users/shraj/Documents/Project Shortcuts/surf brother/assets/blender/journey/frames/092.png'
04:27.474  render           | Saved: '/Users/shraj/Documents/Project Shortcuts/surf brother/assets/blender/journey/frames/093.png'
04:29.873  render           | Saved: '/Users/shraj/Documents/Project Shortcuts/surf brother/assets/blender/journey/frames/094.png'
04:32.241  render           | Saved: '/Users/shraj/Documents/Project Shortcuts/surf brother/assets/blender/journey/frames/095.png'
04:34.649  render           | Saved: '/Users/shraj/Documents/Project Shortcuts/surf brother/assets/blender/journey/frames/096.png'
Info: Saved as "surf-journey.blend"
JOURNEY_RENDER_COMPLETE 96
Blender 5.2.2 LTS (hash d13f752e3b9c built 2026-09-15 01:49:19)

Blender quit
